loading annotations from public/data/metadata/annotations.csv...
  18510 unique clips in annotations
loading CLAP model: laion/larger_clap_music_and_speech
  (first run downloads ~900MB — subsequent runs use cache)
Warning: You are sending unauthenticated requests to the HF Hub. Please set a HF_TOKEN to enable higher rate limits and faster downloads.
Loading weights:   0%|          | 0/555 [00:00<?, ?it/s]Loading weights: 100%|██████████| 555/555 [00:00<00:00, 40243.39it/s]
using Apple MPS (GPU)

found 19 archives: [0, 1, 2, 3, 4, 5, 6, 7, 8, 9, 10, 11, 12, 13, 14, 15, 16, 17, 18]

── archive 0 ──
  extracting audio/audio-0.tar.gz...
  1000 WAV files, embedding in batches of 16...
    400/1000 done
    800/1000 done
  checkpoint saved: 1000 clips embedded

── archive 1 ──
  extracting audio/audio-1.tar.gz...
  1000 WAV files, embedding in batches of 16...
    400/1000 done
    800/1000 done
  checkpoint saved: 1000 clips embedded

── archive 2 ──
  extracting audio/audio-2.tar.gz...
  1000 WAV files, embedding in batches of 16...
    400/1000 done
    800/1000 done
  checkpoint saved: 1000 clips embedded

── archive 3 ──
  extracting audio/audio-3.tar.gz...
  1000 WAV files, embedding in batches of 16...
    400/1000 done
    800/1000 done
  checkpoint saved: 1000 clips embedded

── archive 4 ──
  extracting audio/audio-4.tar.gz...
  1000 WAV files, embedding in batches of 16...
    400/1000 done
    800/1000 done
  checkpoint saved: 1000 clips embedded

── archive 5 ──
  extracting audio/audio-5.tar.gz...
  1000 WAV files, embedding in batches of 16...
    400/1000 done
    800/1000 done
  checkpoint saved: 1000 clips embedded

── archive 6 ──
  extracting audio/audio-6.tar.gz...
  1000 WAV files, embedding in batches of 16...
    400/1000 done
    800/1000 done
  checkpoint saved: 1000 clips embedded

── archive 7 ──
  extracting audio/audio-7.tar.gz...
  1000 WAV files, embedding in batches of 16...
    400/1000 done
    800/1000 done
  checkpoint saved: 1000 clips embedded

── archive 8 ──
  extracting audio/audio-8.tar.gz...
  1000 WAV files, embedding in batches of 16...
    400/1000 done
    800/1000 done
  checkpoint saved: 1000 clips embedded

── archive 9 ──
  extracting audio/audio-9.tar.gz...
  1000 WAV files, embedding in batches of 16...
    400/1000 done
    800/1000 done
  checkpoint saved: 1000 clips embedded

── archive 10 ──
  extracting audio/audio-10.tar.gz...
  1000 WAV files, embedding in batches of 16...
    400/1000 done
    800/1000 done
  checkpoint saved: 1000 clips embedded

── archive 11 ──
  extracting audio/audio-11.tar.gz...
  1000 WAV files, embedding in batches of 16...
    400/1000 done
    800/1000 done
  checkpoint saved: 1000 clips embedded

── archive 12 ──
  extracting audio/audio-12.tar.gz...
  1000 WAV files, embedding in batches of 16...
    400/1000 done
    800/1000 done
  checkpoint saved: 1000 clips embedded

── archive 13 ──
  extracting audio/audio-13.tar.gz...
  1000 WAV files, embedding in batches of 16...
    400/1000 done
    800/1000 done
  checkpoint saved: 1000 clips embedded

── archive 14 ──
  extracting audio/audio-14.tar.gz...
  1000 WAV files, embedding in batches of 16...
    400/1000 done
    800/1000 done
  checkpoint saved: 1000 clips embedded

── archive 15 ──
  extracting audio/audio-15.tar.gz...
  1000 WAV files, embedding in batches of 16...
    400/1000 done
    800/1000 done
  checkpoint saved: 1000 clips embedded

── archive 16 ──
  extracting audio/audio-16.tar.gz...
  1000 WAV files, embedding in batches of 16...
    400/1000 done
    800/1000 done
  checkpoint saved: 1000 clips embedded

── archive 17 ──
  extracting audio/audio-17.tar.gz...
  1000 WAV files, embedding in batches of 16...
    400/1000 done
    800/1000 done
  checkpoint saved: 1000 clips embedded

── archive 18 ──
  extracting audio/audio-18.tar.gz...
  510 WAV files, embedding in batches of 16...
    400/510 done
  checkpoint saved: 510 clips embedded

merging checkpoints...
final embeddings: (18510, 512)  →  analysis/embeddings.npy
metadata         →  analysis/embeddings_meta.jsonl

done.
